// Jest Snapshot v1, https://goo.gl/fbAQLP

exports[`Index Page correspond au snapshot 1`] = `
<div>
  <div
    data-testid="mock-contact"
  >
    Contact Component
  </div>
</div>
`;
